>>> add_integer = __import__('0-add_integer').add_integer

>>> add_integer(1, 2)
3
>>> add_integer(None)
Traceback (most recent call last):
TypeError: a must be an integer
>>> add_integer(None, None)
Traceback (most recent call last):
TypeError: a must be an integer
>>> add_integer(-10, -10)
-20
>>> add_integer("Holberton", -10)
Traceback (most recent call last):
TypeError: a must be an integer
>>> add_integer(10, "Holberton")
Traceback (most recent call last):
TypeError: b must be an integer
>>> add_integer(0.001, 0.001)
0
>>> add_integer(1.0010, 1)
2
>>> add_integer(0.057834905783498578734985349857349857973498534987534985734985734957349853489534534057834985787349853498573498579734985349875349857349857349573498534895345340578349857873498534985734985797349853498753498573498573495734985348953453405783498578734985349857349857973498534987534985734985734957349853489534534057834985787349853498573498579734985349875349857349857349573498534895345340578349857873498534985734985797349853498753498573498573495734985348953453405783498578734985349857349857973498534987534985734985734957349853489534534057834985787349853498573498579734985349875349857349857349573498534895345348578734985349857349857973498534987534985734985734957349853489534534, 3)
3
>>> add_integer(1000e1000)
Traceback (most recent call last):
OverflowError: cannot convert float infinity to integer
>>> add_integer('nan')
Traceback (most recent call last):
ValueError: cannot convert float NaN to integer
